// Jest Snapshot v1, https://goo.gl/fbAQLP

exports[`GIServ Order Component Order page renders without crashing 1`] = `
Object {
  "asFragment": [Function],
  "baseElement": <body>
    <div>
      <div
        class="h-full bg-gradient-to-b from-red-500 to-purple-700 p-8"
      >
        <div
          class="flex justify-around"
        >
          <div
            class="h-20 w-36 bg-blue-50 rounded-lg text-blue-500 text-center p-2"
          >
            <p
              class="text-4xl"
            >
              0
            </p>
            <p
              class="text-sm"
            >
              Total
            </p>
          </div>
          <div
            class="h-20 w-36 bg-green-50 rounded-lg text-green-500 text-center p-2"
          >
            <p
              class="text-4xl"
            >
              0
            </p>
            <p
              class="text-sm"
            >
              Shipped
            </p>
          </div>
          <div
            class="h-20 w-36 bg-red-50 rounded-lg text-red-500 text-center p-2"
          >
            <p
              class="text-4xl"
            >
              0
            </p>
            <p
              class="text-sm"
            >
              Not Shipped
            </p>
          </div>
        </div>
        <div
          class="flex gap-2 pt-5 pb-2 justify-center"
        >
          <input
            class="h-10 outline-none bg-slate-100 text-center rounded-md"
            name="quantity"
            placeholder="quantity"
            type="text"
          />
          <select
            class="outline-none bg-slate-100 rounded-md px-3"
            name="product"
          />
          <input
            class="h-10 outline-none bg-slate-100 text-center rounded-md"
            disabled=""
            name="value"
            placeholder="total"
            type="text"
            value="0"
          />
          <input
            class="h-10 outline-none bg-slate-100 text-center rounded-md"
            name="shippingdetails"
            placeholder="shippingdetails"
            type="text"
          />
          <button
            class="bg-blue-600 h-10 rounded-md text-white text-sm text-center px-3"
          >
            Add Order
          </button>
        </div>
        <table
          class="w-full text-center my-6 rounded-md bg-slate-50 "
        >
          <thead>
            <tr>
              <th>
                Id
              </th>
              <th>
                Item
              </th>
              <th>
                Quantity
              </th>
              <th>
                Value
              </th>
              <th>
                Address
              </th>
              <th>
                Shipped
              </th>
              <th>
                Actions
              </th>
            </tr>
          </thead>
          <tbody />
        </table>
      </div>
    </div>
    <div>
      <div
        class="h-full bg-gradient-to-b from-red-500 to-purple-700 p-8"
      >
        <div
          class="flex justify-around"
        >
          <div
            class="h-20 w-36 bg-blue-50 rounded-lg text-blue-500 text-center p-2"
          >
            <p
              class="text-4xl"
            >
              0
            </p>
            <p
              class="text-sm"
            >
              Total
            </p>
          </div>
          <div
            class="h-20 w-36 bg-green-50 rounded-lg text-green-500 text-center p-2"
          >
            <p
              class="text-4xl"
            >
              0
            </p>
            <p
              class="text-sm"
            >
              Shipped
            </p>
          </div>
          <div
            class="h-20 w-36 bg-red-50 rounded-lg text-red-500 text-center p-2"
          >
            <p
              class="text-4xl"
            >
              0
            </p>
            <p
              class="text-sm"
            >
              Not Shipped
            </p>
          </div>
        </div>
        <div
          class="flex gap-2 pt-5 pb-2 justify-center"
        >
          <input
            class="h-10 outline-none bg-slate-100 text-center rounded-md"
            name="quantity"
            placeholder="quantity"
            type="text"
          />
          <select
            class="outline-none bg-slate-100 rounded-md px-3"
            name="product"
          />
          <input
            class="h-10 outline-none bg-slate-100 text-center rounded-md"
            disabled=""
            name="value"
            placeholder="total"
            type="text"
            value="0"
          />
          <input
            class="h-10 outline-none bg-slate-100 text-center rounded-md"
            name="shippingdetails"
            placeholder="shippingdetails"
            type="text"
          />
          <button
            class="bg-blue-600 h-10 rounded-md text-white text-sm text-center px-3"
          >
            Add Order
          </button>
        </div>
        <table
          class="w-full text-center my-6 rounded-md bg-slate-50 "
        >
          <thead>
            <tr>
              <th>
                Id
              </th>
              <th>
                Item
              </th>
              <th>
                Quantity
              </th>
              <th>
                Value
              </th>
              <th>
                Address
              </th>
              <th>
                Shipped
              </th>
              <th>
                Actions
              </th>
            </tr>
          </thead>
          <tbody />
        </table>
      </div>
    </div>
  </body>,
  "container": <div>
    <div
      class="h-full bg-gradient-to-b from-red-500 to-purple-700 p-8"
    >
      <div
        class="flex justify-around"
      >
        <div
          class="h-20 w-36 bg-blue-50 rounded-lg text-blue-500 text-center p-2"
        >
          <p
            class="text-4xl"
          >
            0
          </p>
          <p
            class="text-sm"
          >
            Total
          </p>
        </div>
        <div
          class="h-20 w-36 bg-green-50 rounded-lg text-green-500 text-center p-2"
        >
          <p
            class="text-4xl"
          >
            0
          </p>
          <p
            class="text-sm"
          >
            Shipped
          </p>
        </div>
        <div
          class="h-20 w-36 bg-red-50 rounded-lg text-red-500 text-center p-2"
        >
          <p
            class="text-4xl"
          >
            0
          </p>
          <p
            class="text-sm"
          >
            Not Shipped
          </p>
        </div>
      </div>
      <div
        class="flex gap-2 pt-5 pb-2 justify-center"
      >
        <input
          class="h-10 outline-none bg-slate-100 text-center rounded-md"
          name="quantity"
          placeholder="quantity"
          type="text"
        />
        <select
          class="outline-none bg-slate-100 rounded-md px-3"
          name="product"
        />
        <input
          class="h-10 outline-none bg-slate-100 text-center rounded-md"
          disabled=""
          name="value"
          placeholder="total"
          type="text"
          value="0"
        />
        <input
          class="h-10 outline-none bg-slate-100 text-center rounded-md"
          name="shippingdetails"
          placeholder="shippingdetails"
          type="text"
        />
        <button
          class="bg-blue-600 h-10 rounded-md text-white text-sm text-center px-3"
        >
          Add Order
        </button>
      </div>
      <table
        class="w-full text-center my-6 rounded-md bg-slate-50 "
      >
        <thead>
          <tr>
            <th>
              Id
            </th>
            <th>
              Item
            </th>
            <th>
              Quantity
            </th>
            <th>
              Value
            </th>
            <th>
              Address
            </th>
            <th>
              Shipped
            </th>
            <th>
              Actions
            </th>
          </tr>
        </thead>
        <tbody />
      </table>
    </div>
  </div>,
  "debug": [Function],
  "findAllByAltText": [Function],
  "findAllByDisplayValue": [Function],
  "findAllByLabelText": [Function],
  "findAllByPlaceholderText": [Function],
  "findAllByRole": [Function],
  "findAllByTestId": [Function],
  "findAllByText": [Function],
  "findAllByTitle": [Function],
  "findByAltText": [Function],
  "findByDisplayValue": [Function],
  "findByLabelText": [Function],
  "findByPlaceholderText": [Function],
  "findByRole": [Function],
  "findByTestId": [Function],
  "findByText": [Function],
  "findByTitle": [Function],
  "getAllByAltText": [Function],
  "getAllByDisplayValue": [Function],
  "getAllByLabelText": [Function],
  "getAllByPlaceholderText": [Function],
  "getAllByRole": [Function],
  "getAllByTestId": [Function],
  "getAllByText": [Function],
  "getAllByTitle": [Function],
  "getByAltText": [Function],
  "getByDisplayValue": [Function],
  "getByLabelText": [Function],
  "getByPlaceholderText": [Function],
  "getByRole": [Function],
  "getByTestId": [Function],
  "getByText": [Function],
  "getByTitle": [Function],
  "queryAllByAltText": [Function],
  "queryAllByDisplayValue": [Function],
  "queryAllByLabelText": [Function],
  "queryAllByPlaceholderText": [Function],
  "queryAllByRole": [Function],
  "queryAllByTestId": [Function],
  "queryAllByText": [Function],
  "queryAllByTitle": [Function],
  "queryByAltText": [Function],
  "queryByDisplayValue": [Function],
  "queryByLabelText": [Function],
  "queryByPlaceholderText": [Function],
  "queryByRole": [Function],
  "queryByTestId": [Function],
  "queryByText": [Function],
  "queryByTitle": [Function],
  "rerender": [Function],
  "unmount": [Function],
}
`;

exports[`GIServ Order Component Order renders without crashing 1`] = `
Object {
  "asFragment": [Function],
  "baseElement": <body>
    <div>
      <div
        class="h-full bg-gradient-to-b from-red-500 to-purple-700 p-8"
      >
        <div
          class="flex justify-around"
        >
          <div
            class="h-20 w-36 bg-blue-50 rounded-lg text-blue-500 text-center p-2"
          >
            <p
              class="text-4xl"
            >
              0
            </p>
            <p
              class="text-sm"
            >
              Total
            </p>
          </div>
          <div
            class="h-20 w-36 bg-green-50 rounded-lg text-green-500 text-center p-2"
          >
            <p
              class="text-4xl"
            >
              0
            </p>
            <p
              class="text-sm"
            >
              Shipped
            </p>
          </div>
          <div
            class="h-20 w-36 bg-red-50 rounded-lg text-red-500 text-center p-2"
          >
            <p
              class="text-4xl"
            >
              0
            </p>
            <p
              class="text-sm"
            >
              Not Shipped
            </p>
          </div>
        </div>
        <div
          class="flex gap-2 pt-5 pb-2 justify-center"
        >
          <input
            class="h-10 outline-none bg-slate-100 text-center rounded-md"
            name="quantity"
            placeholder="quantity"
            type="text"
          />
          <select
            class="outline-none bg-slate-100 rounded-md px-3"
            name="product"
          />
          <input
            class="h-10 outline-none bg-slate-100 text-center rounded-md"
            disabled=""
            name="value"
            placeholder="total"
            type="text"
            value="0"
          />
          <input
            class="h-10 outline-none bg-slate-100 text-center rounded-md"
            name="shippingdetails"
            placeholder="shippingdetails"
            type="text"
          />
          <button
            class="bg-blue-600 h-10 rounded-md text-white text-sm text-center px-3"
          >
            Add Order
          </button>
        </div>
        <table
          class="w-full text-center my-6 rounded-md bg-slate-50 "
        >
          <thead>
            <tr>
              <th>
                Id
              </th>
              <th>
                Item
              </th>
              <th>
                Quantity
              </th>
              <th>
                Value
              </th>
              <th>
                Address
              </th>
              <th>
                Shipped
              </th>
              <th>
                Actions
              </th>
            </tr>
          </thead>
          <tbody />
        </table>
      </div>
    </div>
    <div>
      <div
        class="h-full bg-gradient-to-b from-red-500 to-purple-700 p-8"
      >
        <div
          class="flex justify-around"
        >
          <div
            class="h-20 w-36 bg-blue-50 rounded-lg text-blue-500 text-center p-2"
          >
            <p
              class="text-4xl"
            >
              0
            </p>
            <p
              class="text-sm"
            >
              Total
            </p>
          </div>
          <div
            class="h-20 w-36 bg-green-50 rounded-lg text-green-500 text-center p-2"
          >
            <p
              class="text-4xl"
            >
              0
            </p>
            <p
              class="text-sm"
            >
              Shipped
            </p>
          </div>
          <div
            class="h-20 w-36 bg-red-50 rounded-lg text-red-500 text-center p-2"
          >
            <p
              class="text-4xl"
            >
              0
            </p>
            <p
              class="text-sm"
            >
              Not Shipped
            </p>
          </div>
        </div>
        <div
          class="flex gap-2 pt-5 pb-2 justify-center"
        >
          <input
            class="h-10 outline-none bg-slate-100 text-center rounded-md"
            name="quantity"
            placeholder="quantity"
            type="text"
          />
          <select
            class="outline-none bg-slate-100 rounded-md px-3"
            name="product"
          />
          <input
            class="h-10 outline-none bg-slate-100 text-center rounded-md"
            disabled=""
            name="value"
            placeholder="total"
            type="text"
            value="0"
          />
          <input
            class="h-10 outline-none bg-slate-100 text-center rounded-md"
            name="shippingdetails"
            placeholder="shippingdetails"
            type="text"
          />
          <button
            class="bg-blue-600 h-10 rounded-md text-white text-sm text-center px-3"
          >
            Add Order
          </button>
        </div>
        <table
          class="w-full text-center my-6 rounded-md bg-slate-50 "
        >
          <thead>
            <tr>
              <th>
                Id
              </th>
              <th>
                Item
              </th>
              <th>
                Quantity
              </th>
              <th>
                Value
              </th>
              <th>
                Address
              </th>
              <th>
                Shipped
              </th>
              <th>
                Actions
              </th>
            </tr>
          </thead>
          <tbody />
        </table>
      </div>
    </div>
  </body>,
  "container": <div>
    <div
      class="h-full bg-gradient-to-b from-red-500 to-purple-700 p-8"
    >
      <div
        class="flex justify-around"
      >
        <div
          class="h-20 w-36 bg-blue-50 rounded-lg text-blue-500 text-center p-2"
        >
          <p
            class="text-4xl"
          >
            0
          </p>
          <p
            class="text-sm"
          >
            Total
          </p>
        </div>
        <div
          class="h-20 w-36 bg-green-50 rounded-lg text-green-500 text-center p-2"
        >
          <p
            class="text-4xl"
          >
            0
          </p>
          <p
            class="text-sm"
          >
            Shipped
          </p>
        </div>
        <div
          class="h-20 w-36 bg-red-50 rounded-lg text-red-500 text-center p-2"
        >
          <p
            class="text-4xl"
          >
            0
          </p>
          <p
            class="text-sm"
          >
            Not Shipped
          </p>
        </div>
      </div>
      <div
        class="flex gap-2 pt-5 pb-2 justify-center"
      >
        <input
          class="h-10 outline-none bg-slate-100 text-center rounded-md"
          name="quantity"
          placeholder="quantity"
          type="text"
        />
        <select
          class="outline-none bg-slate-100 rounded-md px-3"
          name="product"
        />
        <input
          class="h-10 outline-none bg-slate-100 text-center rounded-md"
          disabled=""
          name="value"
          placeholder="total"
          type="text"
          value="0"
        />
        <input
          class="h-10 outline-none bg-slate-100 text-center rounded-md"
          name="shippingdetails"
          placeholder="shippingdetails"
          type="text"
        />
        <button
          class="bg-blue-600 h-10 rounded-md text-white text-sm text-center px-3"
        >
          Add Order
        </button>
      </div>
      <table
        class="w-full text-center my-6 rounded-md bg-slate-50 "
      >
        <thead>
          <tr>
            <th>
              Id
            </th>
            <th>
              Item
            </th>
            <th>
              Quantity
            </th>
            <th>
              Value
            </th>
            <th>
              Address
            </th>
            <th>
              Shipped
            </th>
            <th>
              Actions
            </th>
          </tr>
        </thead>
        <tbody />
      </table>
    </div>
  </div>,
  "debug": [Function],
  "findAllByAltText": [Function],
  "findAllByDisplayValue": [Function],
  "findAllByLabelText": [Function],
  "findAllByPlaceholderText": [Function],
  "findAllByRole": [Function],
  "findAllByTestId": [Function],
  "findAllByText": [Function],
  "findAllByTitle": [Function],
  "findByAltText": [Function],
  "findByDisplayValue": [Function],
  "findByLabelText": [Function],
  "findByPlaceholderText": [Function],
  "findByRole": [Function],
  "findByTestId": [Function],
  "findByText": [Function],
  "findByTitle": [Function],
  "getAllByAltText": [Function],
  "getAllByDisplayValue": [Function],
  "getAllByLabelText": [Function],
  "getAllByPlaceholderText": [Function],
  "getAllByRole": [Function],
  "getAllByTestId": [Function],
  "getAllByText": [Function],
  "getAllByTitle": [Function],
  "getByAltText": [Function],
  "getByDisplayValue": [Function],
  "getByLabelText": [Function],
  "getByPlaceholderText": [Function],
  "getByRole": [Function],
  "getByTestId": [Function],
  "getByText": [Function],
  "getByTitle": [Function],
  "queryAllByAltText": [Function],
  "queryAllByDisplayValue": [Function],
  "queryAllByLabelText": [Function],
  "queryAllByPlaceholderText": [Function],
  "queryAllByRole": [Function],
  "queryAllByTestId": [Function],
  "queryAllByText": [Function],
  "queryAllByTitle": [Function],
  "queryByAltText": [Function],
  "queryByDisplayValue": [Function],
  "queryByLabelText": [Function],
  "queryByPlaceholderText": [Function],
  "queryByRole": [Function],
  "queryByTestId": [Function],
  "queryByText": [Function],
  "queryByTitle": [Function],
  "rerender": [Function],
  "unmount": [Function],
}
`;
