// Jest Snapshot v1, https://goo.gl/fbAQLP

exports[`GIServ Vehicle Component Vehicle renders without crashing 1`] = `
Object {
  "asFragment": [Function],
  "baseElement": <body>
    <div>
      <div
        class="h-full bg-gradient-to-b from-red-500 to-purple-700 p-8"
      >
        <div
          class="flex justify-around"
        >
          <div
            class="h-20 w-36 bg-blue-50 rounded-lg text-blue-500 text-center p-2"
          >
            <p
              class="text-4xl"
            >
              0
            </p>
            <p
              class="text-sm"
            >
              Total
            </p>
          </div>
          <div
            class="h-20 w-36 bg-green-50 rounded-lg text-green-500 text-center p-2"
          >
            <p
              class="text-4xl"
            >
              0
            </p>
            <p
              class="text-sm"
            >
              Available
            </p>
          </div>
          <div
            class="h-20 w-36 bg-red-50 rounded-lg text-red-500 text-center p-2"
          >
            <p
              class="text-4xl"
            >
              0
            </p>
            <p
              class="text-sm"
            >
              Not Available
            </p>
          </div>
        </div>
        <div
          class="flex gap-2 pt-5 pb-2 justify-center"
        >
          <input
            class="h-10 outline-none bg-slate-100 text-center rounded-md"
            name="name"
            placeholder="name"
            type="text"
            value=""
          />
          <input
            class="h-10 outline-none bg-slate-100 text-center rounded-md"
            name="number"
            placeholder="number"
            type="text"
            value=""
          />
          <button
            class="bg-blue-600 h-10 rounded-md text-white text-sm text-center px-3"
          >
            Add Vehicle
          </button>
        </div>
        <table
          class="w-full text-center my-2 rounded-md bg-slate-50 "
        >
          <thead>
            <tr
              class=""
            >
              <th>
                Id
              </th>
              <th>
                Name
              </th>
              <th>
                Number
              </th>
              <th>
                Available
              </th>
              <th>
                Actions
              </th>
            </tr>
          </thead>
          <tbody />
        </table>
      </div>
    </div>
    <div>
      <div
        class="h-full bg-gradient-to-b from-red-500 to-purple-700 p-8"
      >
        <div
          class="flex justify-around"
        >
          <div
            class="h-20 w-36 bg-blue-50 rounded-lg text-blue-500 text-center p-2"
          >
            <p
              class="text-4xl"
            >
              0
            </p>
            <p
              class="text-sm"
            >
              Total
            </p>
          </div>
          <div
            class="h-20 w-36 bg-green-50 rounded-lg text-green-500 text-center p-2"
          >
            <p
              class="text-4xl"
            >
              0
            </p>
            <p
              class="text-sm"
            >
              Available
            </p>
          </div>
          <div
            class="h-20 w-36 bg-red-50 rounded-lg text-red-500 text-center p-2"
          >
            <p
              class="text-4xl"
            >
              0
            </p>
            <p
              class="text-sm"
            >
              Not Available
            </p>
          </div>
        </div>
        <div
          class="flex gap-2 pt-5 pb-2 justify-center"
        >
          <input
            class="h-10 outline-none bg-slate-100 text-center rounded-md"
            name="name"
            placeholder="name"
            type="text"
            value=""
          />
          <input
            class="h-10 outline-none bg-slate-100 text-center rounded-md"
            name="number"
            placeholder="number"
            type="text"
            value=""
          />
          <button
            class="bg-blue-600 h-10 rounded-md text-white text-sm text-center px-3"
          >
            Add Vehicle
          </button>
        </div>
        <table
          class="w-full text-center my-2 rounded-md bg-slate-50 "
        >
          <thead>
            <tr
              class=""
            >
              <th>
                Id
              </th>
              <th>
                Name
              </th>
              <th>
                Number
              </th>
              <th>
                Available
              </th>
              <th>
                Actions
              </th>
            </tr>
          </thead>
          <tbody />
        </table>
      </div>
    </div>
  </body>,
  "container": <div>
    <div
      class="h-full bg-gradient-to-b from-red-500 to-purple-700 p-8"
    >
      <div
        class="flex justify-around"
      >
        <div
          class="h-20 w-36 bg-blue-50 rounded-lg text-blue-500 text-center p-2"
        >
          <p
            class="text-4xl"
          >
            0
          </p>
          <p
            class="text-sm"
          >
            Total
          </p>
        </div>
        <div
          class="h-20 w-36 bg-green-50 rounded-lg text-green-500 text-center p-2"
        >
          <p
            class="text-4xl"
          >
            0
          </p>
          <p
            class="text-sm"
          >
            Available
          </p>
        </div>
        <div
          class="h-20 w-36 bg-red-50 rounded-lg text-red-500 text-center p-2"
        >
          <p
            class="text-4xl"
          >
            0
          </p>
          <p
            class="text-sm"
          >
            Not Available
          </p>
        </div>
      </div>
      <div
        class="flex gap-2 pt-5 pb-2 justify-center"
      >
        <input
          class="h-10 outline-none bg-slate-100 text-center rounded-md"
          name="name"
          placeholder="name"
          type="text"
          value=""
        />
        <input
          class="h-10 outline-none bg-slate-100 text-center rounded-md"
          name="number"
          placeholder="number"
          type="text"
          value=""
        />
        <button
          class="bg-blue-600 h-10 rounded-md text-white text-sm text-center px-3"
        >
          Add Vehicle
        </button>
      </div>
      <table
        class="w-full text-center my-2 rounded-md bg-slate-50 "
      >
        <thead>
          <tr
            class=""
          >
            <th>
              Id
            </th>
            <th>
              Name
            </th>
            <th>
              Number
            </th>
            <th>
              Available
            </th>
            <th>
              Actions
            </th>
          </tr>
        </thead>
        <tbody />
      </table>
    </div>
  </div>,
  "debug": [Function],
  "findAllByAltText": [Function],
  "findAllByDisplayValue": [Function],
  "findAllByLabelText": [Function],
  "findAllByPlaceholderText": [Function],
  "findAllByRole": [Function],
  "findAllByTestId": [Function],
  "findAllByText": [Function],
  "findAllByTitle": [Function],
  "findByAltText": [Function],
  "findByDisplayValue": [Function],
  "findByLabelText": [Function],
  "findByPlaceholderText": [Function],
  "findByRole": [Function],
  "findByTestId": [Function],
  "findByText": [Function],
  "findByTitle": [Function],
  "getAllByAltText": [Function],
  "getAllByDisplayValue": [Function],
  "getAllByLabelText": [Function],
  "getAllByPlaceholderText": [Function],
  "getAllByRole": [Function],
  "getAllByTestId": [Function],
  "getAllByText": [Function],
  "getAllByTitle": [Function],
  "getByAltText": [Function],
  "getByDisplayValue": [Function],
  "getByLabelText": [Function],
  "getByPlaceholderText": [Function],
  "getByRole": [Function],
  "getByTestId": [Function],
  "getByText": [Function],
  "getByTitle": [Function],
  "queryAllByAltText": [Function],
  "queryAllByDisplayValue": [Function],
  "queryAllByLabelText": [Function],
  "queryAllByPlaceholderText": [Function],
  "queryAllByRole": [Function],
  "queryAllByTestId": [Function],
  "queryAllByText": [Function],
  "queryAllByTitle": [Function],
  "queryByAltText": [Function],
  "queryByDisplayValue": [Function],
  "queryByLabelText": [Function],
  "queryByPlaceholderText": [Function],
  "queryByRole": [Function],
  "queryByTestId": [Function],
  "queryByText": [Function],
  "queryByTitle": [Function],
  "rerender": [Function],
  "unmount": [Function],
}
`;
